[damnedgame.online/index.html]
[backblue.gif]
[fade.gif]
[index.html]
[external.html]
[damnedgame.online/assets/images/download.html]
[damnedgame.online/assets/images/favicon.html]
[damnedgame.online/assets/css/styles.css]
[damnedgame.online/assets/css/fontawesome.html]
[damnedgame.online/faq.html]
[cdn.discordapp.com/attachments/1138198193352491111/1160647806177005618/Picsart_23-10-08_21-38-47-8158dd6.jpg]
[cdn.discordapp.com/attachments/1138198193352491111/1160641610443395164/Picsart_23-10-08_21-14-40-2529ee8.jpg]
[cdn.discordapp.com/attachments/1138198193352491111/1160639622095843420/c5aa80aeb92ec8d0ae74db8406142e0c5f5f.gif]
[damnedgame.online/eula.html]
[damnedgame.online/privacy.html]
[damnedgame.online/index.html]
[damnedgame.online/assets/js/mobile.html]
[damnedgame.online/assets/images/assets/images/download.html]
[damnedgame.online/assets/images/assets/images/favicon.html]
[damnedgame.online/assets/images/assets/css/styles.html]
[damnedgame.online/assets/images/assets/css/fontawesome.html]
[damnedgame.online/assets/images/index.html]
[damnedgame.online/assets/images/faq.html]
[damnedgame.online/assets/images/eula.html]
[damnedgame.online/assets/images/privacy.html]
[damnedgame.online/assets/images/download.html]
[damnedgame.online/assets/images/favicon.html]
[damnedgame.online/assets/images/assets/js/mobile.html]
[damnedgame.online/npm/-xz/fonts-1/serve/metropolis.min.css]
[damnedgame.online/npm/-xz/fonts-1/serve/mononoki.min.css]
[damnedgame.online/npm/-xz/fonts-1/serve/nevermind.min.css]
[damnedgame.online/assets/fonts/Inter-Regular.woff]
[damnedgame.online/assets/images/background.png]
[damnedgame.online/assets/css/styles.css]
[damnedgame.online/assets/css/assets/images/download.html]
[damnedgame.online/assets/css/assets/images/favicon.html]
[damnedgame.online/assets/css/assets/css/styles.html]
[damnedgame.online/assets/css/assets/css/fontawesome.html]
[damnedgame.online/assets/css/index.html]
[damnedgame.online/assets/css/faq.html]
[damnedgame.online/assets/css/eula.html]
[damnedgame.online/assets/css/privacy.html]
[damnedgame.online/assets/css/fontawesome.html]
[damnedgame.online/assets/css/assets/js/mobile.html]
[damnedgame.online/faq_html.html]
[damnedgame.online/cdn-cgi/l/email-protection.html]
[damnedgame.online/faq.html]
[damnedgame.online/cdn-cgi/scripts/5c5dd728/cloudflare-static/email-decode.min.js]
[damnedgame.online/eula.html]
[damnedgame.online/eula_html.html]
[damnedgame.online/privacy.html]
[damnedgame.online/privacy_html.html]
[damnedgame.online/assets/js/assets/images/download.html]
[damnedgame.online/assets/js/assets/images/favicon.html]
[damnedgame.online/assets/js/assets/css/styles.html]
[damnedgame.online/assets/js/assets/css/fontawesome.html]
[damnedgame.online/assets/js/index.html]
[damnedgame.online/assets/js/faq.html]
[damnedgame.online/assets/js/eula.html]
[damnedgame.online/assets/js/privacy.html]
[damnedgame.online/assets/js/mobile.html]
[damnedgame.online/assets/js/assets/js/mobile.html]
[damnedgame.online/assets/images/assets/images/assets/images/download.html]
[damnedgame.online/assets/images/assets/images/assets/images/favicon.html]
[damnedgame.online/assets/images/assets/images/assets/css/styles.html]
[damnedgame.online/assets/images/assets/images/assets/css/fontawesome.html]
[damnedgame.online/assets/images/assets/images/index.html]
[damnedgame.online/assets/images/assets/images/faq.html]
[damnedgame.online/assets/images/assets/images/eula.html]
[damnedgame.online/assets/images/assets/images/privacy.html]
[damnedgame.online/assets/images/assets/images/assets/js/mobile.html]
[damnedgame.online/assets/images/assets/images/download.html]
[damnedgame.online/assets/images/assets/images/favicon.html]
[damnedgame.online/assets/images/assets/css/assets/images/download.html]
[damnedgame.online/assets/images/assets/css/assets/images/favicon.html]
[damnedgame.online/assets/images/assets/css/assets/css/styles.html]
[damnedgame.online/assets/images/assets/css/assets/css/fontawesome.html]
[damnedgame.online/assets/images/assets/css/index.html]
[damnedgame.online/assets/images/assets/css/faq.html]
[damnedgame.online/assets/images/assets/css/eula.html]
[damnedgame.online/assets/images/assets/css/privacy.html]
[damnedgame.online/assets/images/assets/css/styles.html]
[damnedgame.online/assets/images/assets/css/fontawesome.html]
[damnedgame.online/assets/images/index.html]
[damnedgame.online/assets/images/faq.html]
[damnedgame.online/assets/images/eula.html]
[damnedgame.online/assets/images/privacy.html]
[damnedgame.online/assets/images/assets/css/assets/js/mobile.html]
[damnedgame.online/assets/images/assets/js/assets/images/download.html]
[damnedgame.online/assets/images/assets/js/assets/images/favicon.html]
[damnedgame.online/assets/images/assets/js/assets/css/styles.html]
[damnedgame.online/assets/images/assets/js/assets/css/fontawesome.html]
[damnedgame.online/assets/images/assets/js/index.html]
[damnedgame.online/assets/images/assets/js/faq.html]
[damnedgame.online/assets/images/assets/js/eula.html]
[damnedgame.online/assets/images/assets/js/privacy.html]
[damnedgame.online/assets/images/assets/js/assets/js/mobile.html]
[damnedgame.online/assets/images/assets/js/mobile.html]
[damnedgame.online/npm/-xz/fonts-1/serve/src/metropolis/Metropolis-Thin.woff]
[damnedgame.online/npm/-xz/fonts-1/serve/src/metropolis/Metropolis-ThinItalic.woff]
[damnedgame.online/npm/-xz/fonts-1/serve/src/metropolis/Metropolis-ExtraLight.woff]
[damnedgame.online/npm/-xz/fonts-1/serve/src/metropolis/Metropolis-ExtraLightItalic.woff]
[damnedgame.online/npm/-xz/fonts-1/serve/src/metropolis/Metropolis-Light.woff]
[damnedgame.online/npm/-xz/fonts-1/serve/src/metropolis/Metropolis-LightItalic.woff]
[damnedgame.online/npm/-xz/fonts-1/serve/src/metropolis/Metropolis-Regular.woff]
[damnedgame.online/npm/-xz/fonts-1/serve/src/metropolis/Metropolis-RegularItalic.woff]
[damnedgame.online/npm/-xz/fonts-1/serve/src/metropolis/Metropolis-Medium.woff]
[damnedgame.online/npm/-xz/fonts-1/serve/src/metropolis/Metropolis-MediumItalic.woff]
[damnedgame.online/npm/-xz/fonts-1/serve/src/metropolis/Metropolis-SemiBold.woff]
[damnedgame.online/npm/-xz/fonts-1/serve/src/metropolis/Metropolis-SemiBoldItalic.woff]
[damnedgame.online/npm/-xz/fonts-1/serve/src/metropolis/Metropolis-Bold.woff]
[damnedgame.online/npm/-xz/fonts-1/serve/src/metropolis/Metropolis-BoldItalic.woff]
[damnedgame.online/npm/-xz/fonts-1/serve/src/metropolis/Metropolis-ExtraBold.woff]
[damnedgame.online/npm/-xz/fonts-1/serve/src/metropolis/Metropolis-ExtraBoldItalic.woff]
[damnedgame.online/npm/-xz/fonts-1/serve/src/metropolis/Metropolis-Black.woff]
[damnedgame.online/npm/-xz/fonts-1/serve/metropolis.min.css]
[damnedgame.online/npm/-xz/fonts-1/serve/src/metropolis/Metropolis-BlackItalic.woff]
[damnedgame.online/npm/-xz/fonts-1/serve/src/mononoki/mononoki-Regular.woff]
[damnedgame.online/npm/-xz/fonts-1/serve/src/mononoki/mononoki-Italic.woff]
[damnedgame.online/npm/-xz/fonts-1/serve/src/mononoki/mononoki-BoldItalic.woff]
[damnedgame.online/npm/-xz/fonts-1/serve/src/mononoki/mononoki-Bold.woff]
[damnedgame.online/npm/-xz/fonts-1/serve/mononoki.min.css]
[damnedgame.online/npm/-xz/fonts-1/serve/src/nevermind/NeverMind-Thin.woff]
[damnedgame.online/npm/-xz/fonts-1/serve/src/nevermind/NeverMind-Thinitalic.woff]
[damnedgame.online/npm/-xz/fonts-1/serve/src/nevermind/NeverMind-ExtraLight.woff]
[damnedgame.online/npm/-xz/fonts-1/serve/src/nevermind/NeverMind-ExtraLightitalic.woff]
[damnedgame.online/npm/-xz/fonts-1/serve/src/nevermind/NeverMind-Light.woff]
[damnedgame.online/npm/-xz/fonts-1/serve/src/nevermind/NeverMind-Lightitalic.woff]
[damnedgame.online/npm/-xz/fonts-1/serve/src/nevermind/NeverMind-Regular.woff]
[damnedgame.online/npm/-xz/fonts-1/serve/src/nevermind/NeverMind-Regularitalic.woff]
[damnedgame.online/npm/-xz/fonts-1/serve/src/nevermind/NeverMind-Medium.woff]
[damnedgame.online/npm/-xz/fonts-1/serve/src/nevermind/NeverMind-Mediumitalic.woff]
[damnedgame.online/npm/-xz/fonts-1/serve/src/nevermind/NeverMind-DemiBold.woff]
[damnedgame.online/npm/-xz/fonts-1/serve/src/nevermind/NeverMind-DemiBolditalic.woff]
[damnedgame.online/npm/-xz/fonts-1/serve/src/nevermind/NeverMind-Bold.woff]
[damnedgame.online/npm/-xz/fonts-1/serve/nevermind.min.css]
[damnedgame.online/npm/-xz/fonts-1/serve/src/nevermind/NeverMind-Bolditalic.woff]
[damnedgame.online/assets/css/assets/images/assets/images/download.html]
[damnedgame.online/assets/css/assets/images/assets/images/favicon.html]
[damnedgame.online/assets/css/assets/images/assets/css/styles.html]
[damnedgame.online/assets/css/assets/images/assets/css/fontawesome.html]
[damnedgame.online/assets/css/assets/images/index.html]
[damnedgame.online/assets/css/assets/images/faq.html]
[damnedgame.online/assets/css/assets/images/eula.html]
[damnedgame.online/assets/css/assets/images/privacy.html]
[damnedgame.online/assets/css/assets/images/download.html]
[damnedgame.online/assets/css/assets/images/favicon.html]
[damnedgame.online/assets/css/assets/images/assets/js/mobile.html]
[damnedgame.online/assets/css/assets/css/assets/images/download.html]
[damnedgame.online/assets/css/assets/css/assets/images/favicon.html]
[damnedgame.online/assets/css/assets/css/assets/css/styles.html]
[damnedgame.online/assets/css/assets/css/assets/css/fontawesome.html]
[damnedgame.online/assets/css/assets/css/index.html]
[damnedgame.online/assets/css/assets/css/faq.html]
[damnedgame.online/assets/css/assets/css/eula.html]
[damnedgame.online/assets/css/assets/css/privacy.html]
[damnedgame.online/assets/css/assets/css/styles.html]
[damnedgame.online/assets/css/assets/css/fontawesome.html]
[damnedgame.online/assets/css/index.html]
[damnedgame.online/assets/css/faq.html]
[damnedgame.online/assets/css/eula.html]
[damnedgame.online/assets/css/privacy.html]
[damnedgame.online/assets/css/assets/css/assets/js/mobile.html]
[damnedgame.online/assets/css/assets/js/assets/images/download.html]
[damnedgame.online/assets/css/assets/js/assets/images/favicon.html]
[damnedgame.online/assets/css/assets/js/assets/css/styles.html]
[damnedgame.online/assets/css/assets/js/assets/css/fontawesome.html]
[damnedgame.online/assets/css/assets/js/index.html]
[damnedgame.online/assets/css/assets/js/faq.html]
[damnedgame.online/assets/css/assets/js/eula.html]
[damnedgame.online/assets/css/assets/js/privacy.html]
[damnedgame.online/assets/css/assets/js/mobile.html]
[damnedgame.online/assets/css/assets/js/assets/js/mobile.html]
[damnedgame.online/faq_html.html]
[damnedgame.online/cdn-cgi/l/email-protection.html]
[damnedgame.online/eula_html.html]
[damnedgame.online/privacy_html.html]
[damnedgame.online/assets/js/assets/images/assets/images/download.html]
[damnedgame.online/assets/js/assets/images/assets/images/favicon.html]
[damnedgame.online/assets/js/assets/images/assets/css/styles.html]
[damnedgame.online/assets/js/assets/images/assets/css/fontawesome.html]
[damnedgame.online/assets/js/assets/images/index.html]
[damnedgame.online/assets/js/assets/images/faq.html]
[damnedgame.online/assets/js/assets/images/eula.html]
[damnedgame.online/assets/js/assets/images/privacy.html]
[damnedgame.online/assets/js/assets/images/download.html]
[damnedgame.online/assets/js/assets/images/favicon.html]
[damnedgame.online/assets/js/assets/images/assets/js/mobile.html]
[damnedgame.online/assets/js/assets/css/assets/images/download.html]
[damnedgame.online/assets/js/assets/css/assets/images/favicon.html]
[damnedgame.online/assets/js/assets/css/assets/css/styles.html]
[damnedgame.online/assets/js/assets/css/assets/css/fontawesome.html]
[damnedgame.online/assets/js/assets/css/index.html]
[damnedgame.online/assets/js/assets/css/faq.html]
[damnedgame.online/assets/js/assets/css/eula.html]
[damnedgame.online/assets/js/assets/css/privacy.html]
[damnedgame.online/assets/js/assets/css/styles.html]
[damnedgame.online/assets/js/assets/css/fontawesome.html]
[damnedgame.online/assets/js/index.html]
[damnedgame.online/assets/js/faq.html]
[damnedgame.online/assets/js/eula.html]
[damnedgame.online/assets/js/privacy.html]
[damnedgame.online/assets/js/assets/css/assets/js/mobile.html]
[damnedgame.online/assets/js/assets/js/assets/images/download.html]
[damnedgame.online/assets/js/assets/js/assets/images/favicon.html]
[damnedgame.online/assets/js/assets/js/assets/css/styles.html]
[damnedgame.online/assets/js/assets/js/assets/css/fontawesome.html]
[damnedgame.online/assets/js/assets/js/index.html]
[damnedgame.online/assets/js/assets/js/faq.html]
[damnedgame.online/assets/js/assets/js/eula.html]
[damnedgame.online/assets/js/assets/js/privacy.html]
[damnedgame.online/assets/js/assets/js/mobile.html]
[damnedgame.online/assets/js/assets/js/assets/js/mobile.html]
[damnedgame.online/assets/images/assets/images/assets/images/assets/images/download.html]
[damnedgame.online/assets/images/assets/images/assets/images/assets/images/favicon.html]
[damnedgame.online/assets/images/assets/images/assets/images/assets/css/styles.html]
[damnedgame.online/assets/images/assets/images/assets/images/assets/css/fontawesome.html]
[damnedgame.online/assets/images/assets/images/assets/images/index.html]
[damnedgame.online/assets/images/assets/images/assets/images/faq.html]
[damnedgame.online/assets/images/assets/images/assets/images/eula.html]
[damnedgame.online/assets/images/assets/images/assets/images/privacy.html]
[damnedgame.online/assets/images/assets/images/assets/images/download.html]
[damnedgame.online/assets/images/assets/images/assets/images/favicon.html]
[damnedgame.online/assets/images/assets/images/assets/images/assets/js/mobile.html]
[damnedgame.online/assets/images/assets/images/assets/css/assets/images/download.html]
[damnedgame.online/assets/images/assets/images/assets/css/assets/images/favicon.html]
[damnedgame.online/assets/images/assets/images/assets/css/assets/css/styles.html]
[damnedgame.online/assets/images/assets/images/assets/css/assets/css/fontawesome.html]
[damnedgame.online/assets/images/assets/images/assets/css/index.html]
[damnedgame.online/assets/images/assets/images/assets/css/faq.html]
[damnedgame.online/assets/images/assets/images/assets/css/eula.html]
[damnedgame.online/assets/images/assets/images/assets/css/privacy.html]
[damnedgame.online/assets/images/assets/images/assets/css/styles.html]
[damnedgame.online/assets/images/assets/images/assets/css/fontawesome.html]
[damnedgame.online/assets/images/assets/images/index.html]
[damnedgame.online/assets/images/assets/images/faq.html]
[damnedgame.online/assets/images/assets/images/eula.html]
[damnedgame.online/assets/images/assets/images/privacy.html]
[damnedgame.online/assets/images/assets/images/assets/css/assets/js/mobile.html]
[damnedgame.online/assets/images/assets/images/assets/js/assets/images/download.html]
[damnedgame.online/assets/images/assets/images/assets/js/assets/images/favicon.html]
[damnedgame.online/assets/images/assets/images/assets/js/assets/css/styles.html]
[damnedgame.online/assets/images/assets/images/assets/js/assets/css/fontawesome.html]
[damnedgame.online/assets/images/assets/images/assets/js/index.html]
[damnedgame.online/assets/images/assets/images/assets/js/faq.html]
[damnedgame.online/assets/images/assets/images/assets/js/eula.html]
[damnedgame.online/assets/images/assets/images/assets/js/privacy.html]
[damnedgame.online/assets/images/assets/images/assets/js/mobile.html]
[damnedgame.online/assets/images/assets/images/assets/js/assets/js/mobile.html]
[damnedgame.online/assets/images/assets/css/assets/images/assets/images/download.html]
[damnedgame.online/assets/images/assets/css/assets/images/assets/images/favicon.html]
[damnedgame.online/assets/images/assets/css/assets/images/assets/css/styles.html]
[damnedgame.online/assets/images/assets/css/assets/images/assets/css/fontawesome.html]
[damnedgame.online/assets/images/assets/css/assets/images/index.html]
[damnedgame.online/assets/images/assets/css/assets/images/faq.html]
[damnedgame.online/assets/images/assets/css/assets/images/eula.html]
[damnedgame.online/assets/images/assets/css/assets/images/privacy.html]
[damnedgame.online/assets/images/assets/css/assets/images/download.html]
[damnedgame.online/assets/images/assets/css/assets/images/favicon.html]
[damnedgame.online/assets/images/assets/css/assets/images/assets/js/mobile.html]
[damnedgame.online/assets/images/assets/css/assets/css/assets/images/download.html]
[damnedgame.online/assets/images/assets/css/assets/css/assets/images/favicon.html]
[damnedgame.online/assets/images/assets/css/assets/css/assets/css/styles.html]
[damnedgame.online/assets/images/assets/css/assets/css/assets/css/fontawesome.html]
[damnedgame.online/assets/images/assets/css/assets/css/index.html]
[damnedgame.online/assets/images/assets/css/assets/css/faq.html]
[damnedgame.online/assets/images/assets/css/assets/css/eula.html]
[damnedgame.online/assets/images/assets/css/assets/css/privacy.html]
[damnedgame.online/assets/images/assets/css/assets/css/styles.html]
[damnedgame.online/assets/images/assets/css/assets/css/fontawesome.html]
[damnedgame.online/assets/images/assets/css/index.html]
[damnedgame.online/assets/images/assets/css/faq.html]
[damnedgame.online/assets/images/assets/css/eula.html]
[damnedgame.online/assets/images/assets/css/privacy.html]
[damnedgame.online/assets/images/assets/css/assets/css/assets/js/mobile.html]
[damnedgame.online/assets/images/assets/css/assets/js/assets/images/download.html]
[damnedgame.online/assets/images/assets/css/assets/js/assets/images/favicon.html]
[damnedgame.online/assets/images/assets/css/assets/js/assets/css/styles.html]
[damnedgame.online/assets/images/assets/css/assets/js/assets/css/fontawesome.html]
[damnedgame.online/assets/images/assets/css/assets/js/index.html]
[damnedgame.online/assets/images/assets/css/assets/js/faq.html]
[damnedgame.online/assets/images/assets/css/assets/js/eula.html]
[damnedgame.online/assets/images/assets/css/assets/js/privacy.html]
[damnedgame.online/assets/images/assets/css/assets/js/mobile.html]
[damnedgame.online/assets/images/assets/css/assets/js/assets/js/mobile.html]
[damnedgame.online/assets/images/assets/js/assets/images/assets/images/download.html]
[damnedgame.online/assets/images/assets/js/assets/images/assets/images/favicon.html]
[damnedgame.online/assets/images/assets/js/assets/images/assets/css/styles.html]
[damnedgame.online/assets/images/assets/js/assets/images/assets/css/fontawesome.html]
[damnedgame.online/assets/images/assets/js/assets/images/index.html]
[damnedgame.online/assets/images/assets/js/assets/images/faq.html]
[damnedgame.online/assets/images/assets/js/assets/images/eula.html]
[damnedgame.online/assets/images/assets/js/assets/images/privacy.html]
[damnedgame.online/assets/images/assets/js/assets/images/download.html]
[damnedgame.online/assets/images/assets/js/assets/images/favicon.html]
[damnedgame.online/assets/images/assets/js/assets/images/assets/js/mobile.html]
[damnedgame.online/assets/images/assets/js/assets/css/assets/images/download.html]
[damnedgame.online/assets/images/assets/js/assets/css/assets/images/favicon.html]
[damnedgame.online/assets/images/assets/js/assets/css/assets/css/styles.html]
[damnedgame.online/assets/images/assets/js/assets/css/assets/css/fontawesome.html]
[damnedgame.online/assets/images/assets/js/assets/css/index.html]
[damnedgame.online/assets/images/assets/js/assets/css/faq.html]
[damnedgame.online/assets/images/assets/js/assets/css/eula.html]
[damnedgame.online/assets/images/assets/js/assets/css/privacy.html]
[damnedgame.online/assets/images/assets/js/assets/css/styles.html]
[damnedgame.online/assets/images/assets/js/assets/css/fontawesome.html]
[damnedgame.online/assets/images/assets/js/index.html]
[damnedgame.online/assets/images/assets/js/faq.html]
[damnedgame.online/assets/images/assets/js/eula.html]
[damnedgame.online/assets/images/assets/js/privacy.html]
[damnedgame.online/assets/images/assets/js/assets/css/assets/js/mobile.html]
[damnedgame.online/assets/images/assets/js/assets/js/assets/images/download.html]
[damnedgame.online/assets/images/assets/js/assets/js/assets/images/favicon.html]
[damnedgame.online/assets/images/assets/js/assets/js/assets/css/styles.html]
[damnedgame.online/assets/images/assets/js/assets/js/assets/css/fontawesome.html]
[damnedgame.online/assets/images/assets/js/assets/js/index.html]
[damnedgame.online/assets/images/assets/js/assets/js/faq.html]
[damnedgame.online/assets/images/assets/js/assets/js/eula.html]
[damnedgame.online/assets/images/assets/js/assets/js/privacy.html]
[damnedgame.online/assets/images/assets/js/assets/js/mobile.html]
[damnedgame.online/assets/images/assets/js/assets/js/assets/js/mobile.html]
[damnedgame.online/assets/css/assets/images/assets/images/assets/images/download.html]
[damnedgame.online/assets/css/assets/images/assets/images/assets/images/favicon.html]
[damnedgame.online/assets/css/assets/images/assets/images/assets/css/styles.html]
[damnedgame.online/assets/css/assets/images/assets/images/assets/css/fontawesome.html]
[damnedgame.online/assets/css/assets/images/assets/images/index.html]
[damnedgame.online/assets/css/assets/images/assets/images/faq.html]
[damnedgame.online/assets/css/assets/images/assets/images/eula.html]
[damnedgame.online/assets/css/assets/images/assets/images/privacy.html]
[damnedgame.online/assets/css/assets/images/assets/images/download.html]
[damnedgame.online/assets/css/assets/images/assets/images/favicon.html]
[damnedgame.online/assets/css/assets/images/assets/images/assets/js/mobile.html]
[damnedgame.online/assets/css/assets/images/assets/css/assets/images/download.html]
[damnedgame.online/assets/css/assets/images/assets/css/assets/images/favicon.html]
[damnedgame.online/assets/css/assets/images/assets/css/assets/css/styles.html]
[damnedgame.online/assets/css/assets/images/assets/css/assets/css/fontawesome.html]
[damnedgame.online/assets/css/assets/images/assets/css/index.html]
[damnedgame.online/assets/css/assets/images/assets/css/faq.html]
[damnedgame.online/assets/css/assets/images/assets/css/eula.html]
[damnedgame.online/assets/css/assets/images/assets/css/privacy.html]
[damnedgame.online/assets/css/assets/images/assets/css/styles.html]
[damnedgame.online/assets/css/assets/images/assets/css/fontawesome.html]
[damnedgame.online/assets/css/assets/images/index.html]
[damnedgame.online/assets/css/assets/images/faq.html]
[damnedgame.online/assets/css/assets/images/eula.html]
[damnedgame.online/assets/css/assets/images/privacy.html]
[damnedgame.online/assets/css/assets/images/assets/css/assets/js/mobile.html]
[damnedgame.online/assets/css/assets/images/assets/js/assets/images/download.html]
[damnedgame.online/assets/css/assets/images/assets/js/assets/images/favicon.html]
[damnedgame.online/assets/css/assets/images/assets/js/assets/css/styles.html]
[damnedgame.online/assets/css/assets/images/assets/js/assets/css/fontawesome.html]
[damnedgame.online/assets/css/assets/images/assets/js/index.html]
[damnedgame.online/assets/css/assets/images/assets/js/faq.html]
[damnedgame.online/assets/css/assets/images/assets/js/eula.html]
[damnedgame.online/assets/css/assets/images/assets/js/privacy.html]
[damnedgame.online/assets/css/assets/images/assets/js/mobile.html]
[damnedgame.online/assets/css/assets/images/assets/js/assets/js/mobile.html]
[damnedgame.online/assets/css/assets/css/assets/images/assets/images/download.html]
[damnedgame.online/assets/css/assets/css/assets/images/assets/images/favicon.html]
[damnedgame.online/assets/css/assets/css/assets/images/assets/css/styles.html]
[damnedgame.online/assets/css/assets/css/assets/images/assets/css/fontawesome.html]
[damnedgame.online/assets/css/assets/css/assets/images/index.html]
[damnedgame.online/assets/css/assets/css/assets/images/faq.html]
[damnedgame.online/assets/css/assets/css/assets/images/eula.html]
[damnedgame.online/assets/css/assets/css/assets/images/privacy.html]
[damnedgame.online/assets/css/assets/css/assets/images/download.html]
[damnedgame.online/assets/css/assets/css/assets/images/favicon.html]
[damnedgame.online/assets/css/assets/css/assets/images/assets/js/mobile.html]
[damnedgame.online/assets/css/assets/css/assets/css/assets/images/download.html]
[damnedgame.online/assets/css/assets/css/assets/css/assets/images/favicon.html]
[damnedgame.online/assets/css/assets/css/assets/css/assets/css/styles.html]
[damnedgame.online/assets/css/assets/css/assets/css/assets/css/fontawesome.html]
[damnedgame.online/assets/css/assets/css/assets/css/index.html]
[damnedgame.online/assets/css/assets/css/assets/css/faq.html]
[damnedgame.online/assets/css/assets/css/assets/css/eula.html]
[damnedgame.online/assets/css/assets/css/assets/css/privacy.html]
[damnedgame.online/assets/css/assets/css/assets/css/styles.html]
[damnedgame.online/assets/css/assets/css/assets/css/fontawesome.html]
[damnedgame.online/assets/css/assets/css/index.html]
[damnedgame.online/assets/css/assets/css/faq.html]
[damnedgame.online/assets/css/assets/css/eula.html]
[damnedgame.online/assets/css/assets/css/privacy.html]
[damnedgame.online/assets/css/assets/css/assets/css/assets/js/mobile.html]
[damnedgame.online/assets/css/assets/css/assets/js/assets/images/download.html]
[damnedgame.online/assets/css/assets/css/assets/js/assets/images/favicon.html]
[damnedgame.online/assets/css/assets/css/assets/js/assets/css/styles.html]
[damnedgame.online/assets/css/assets/css/assets/js/assets/css/fontawesome.html]
[damnedgame.online/assets/css/assets/css/assets/js/index.html]
[damnedgame.online/assets/css/assets/css/assets/js/faq.html]
[damnedgame.online/assets/css/assets/css/assets/js/eula.html]
[damnedgame.online/assets/css/assets/css/assets/js/privacy.html]
[damnedgame.online/assets/css/assets/css/assets/js/mobile.html]
[damnedgame.online/assets/css/assets/css/assets/js/assets/js/mobile.html]
[damnedgame.online/assets/css/assets/js/assets/images/assets/images/download.html]
[damnedgame.online/assets/css/assets/js/assets/images/assets/images/favicon.html]
[damnedgame.online/assets/css/assets/js/assets/images/assets/css/styles.html]
[damnedgame.online/assets/css/assets/js/assets/images/assets/css/fontawesome.html]
[damnedgame.online/assets/css/assets/js/assets/images/index.html]
[damnedgame.online/assets/css/assets/js/assets/images/faq.html]
[damnedgame.online/assets/css/assets/js/assets/images/eula.html]
[damnedgame.online/assets/css/assets/js/assets/images/privacy.html]
[damnedgame.online/assets/css/assets/js/assets/images/assets/js/mobile.html]
[damnedgame.online/assets/css/assets/js/assets/images/download.html]
[damnedgame.online/assets/css/assets/js/assets/images/favicon.html]
[damnedgame.online/assets/css/assets/js/assets/css/assets/images/download.html]
[damnedgame.online/assets/css/assets/js/assets/css/assets/images/favicon.html]
[damnedgame.online/assets/css/assets/js/assets/css/assets/css/styles.html]
[damnedgame.online/assets/css/assets/js/assets/css/assets/css/fontawesome.html]
[damnedgame.online/assets/css/assets/js/assets/css/index.html]
[damnedgame.online/assets/css/assets/js/assets/css/faq.html]
[damnedgame.online/assets/css/assets/js/assets/css/eula.html]
[damnedgame.online/assets/css/assets/js/assets/css/privacy.html]
[damnedgame.online/assets/css/assets/js/assets/css/styles.html]
[damnedgame.online/assets/css/assets/js/assets/css/fontawesome.html]
[damnedgame.online/assets/css/assets/js/index.html]
[damnedgame.online/assets/css/assets/js/faq.html]
[damnedgame.online/assets/css/assets/js/eula.html]
[damnedgame.online/assets/css/assets/js/privacy.html]
[damnedgame.online/assets/css/assets/js/assets/css/assets/js/mobile.html]
[damnedgame.online/assets/css/assets/js/assets/js/assets/images/download.html]
[damnedgame.online/assets/css/assets/js/assets/js/assets/images/favicon.html]
[damnedgame.online/assets/css/assets/js/assets/js/assets/css/styles.html]
[damnedgame.online/assets/css/assets/js/assets/js/assets/css/fontawesome.html]
[damnedgame.online/assets/css/assets/js/assets/js/index.html]
[damnedgame.online/assets/css/assets/js/assets/js/faq.html]
[damnedgame.online/assets/css/assets/js/assets/js/eula.html]
[damnedgame.online/assets/css/assets/js/assets/js/privacy.html]
[damnedgame.online/assets/css/assets/js/assets/js/mobile.html]
[damnedgame.online/assets/css/assets/js/assets/js/assets/js/mobile.html]
[damnedgame.online/assets/js/assets/images/assets/images/assets/images/download.html]
[damnedgame.online/assets/js/assets/images/assets/images/assets/images/favicon.html]
[damnedgame.online/assets/js/assets/images/assets/images/assets/css/styles.html]
[damnedgame.online/assets/js/assets/images/assets/images/assets/css/fontawesome.html]
[damnedgame.online/assets/js/assets/images/assets/images/index.html]
[damnedgame.online/assets/js/assets/images/assets/images/faq.html]
[damnedgame.online/assets/js/assets/images/assets/images/eula.html]
[damnedgame.online/assets/js/assets/images/assets/images/privacy.html]
[damnedgame.online/assets/js/assets/images/assets/images/download.html]
[damnedgame.online/assets/js/assets/images/assets/images/favicon.html]
[damnedgame.online/assets/js/assets/images/assets/images/assets/js/mobile.html]
[damnedgame.online/assets/js/assets/images/assets/css/assets/images/download.html]
[damnedgame.online/assets/js/assets/images/assets/css/assets/images/favicon.html]
[damnedgame.online/assets/js/assets/images/assets/css/assets/css/styles.html]
[damnedgame.online/assets/js/assets/images/assets/css/assets/css/fontawesome.html]
[damnedgame.online/assets/js/assets/images/assets/css/index.html]
[damnedgame.online/assets/js/assets/images/assets/css/faq.html]
[damnedgame.online/assets/js/assets/images/assets/css/eula.html]
[damnedgame.online/assets/js/assets/images/assets/css/privacy.html]
[damnedgame.online/assets/js/assets/images/assets/css/styles.html]
[damnedgame.online/assets/js/assets/images/assets/css/fontawesome.html]
[damnedgame.online/assets/js/assets/images/index.html]
[damnedgame.online/assets/js/assets/images/faq.html]
[damnedgame.online/assets/js/assets/images/eula.html]
[damnedgame.online/assets/js/assets/images/privacy.html]
[damnedgame.online/assets/js/assets/images/assets/css/assets/js/mobile.html]
[damnedgame.online/assets/js/assets/images/assets/js/assets/images/download.html]
[damnedgame.online/assets/js/assets/images/assets/js/assets/images/favicon.html]
[damnedgame.online/assets/js/assets/images/assets/js/assets/css/styles.html]
[damnedgame.online/assets/js/assets/images/assets/js/assets/css/fontawesome.html]
[damnedgame.online/assets/js/assets/images/assets/js/index.html]
[damnedgame.online/assets/js/assets/images/assets/js/faq.html]
[damnedgame.online/assets/js/assets/images/assets/js/eula.html]
[damnedgame.online/assets/js/assets/images/assets/js/privacy.html]
[damnedgame.online/assets/js/assets/images/assets/js/mobile.html]
[damnedgame.online/assets/js/assets/images/assets/js/assets/js/mobile.html]
[damnedgame.online/assets/js/assets/css/assets/images/assets/images/download.html]
[damnedgame.online/assets/js/assets/css/assets/images/assets/images/favicon.html]
[damnedgame.online/assets/js/assets/css/assets/images/assets/css/styles.html]
[damnedgame.online/assets/js/assets/css/assets/images/assets/css/fontawesome.html]
[damnedgame.online/assets/js/assets/css/assets/images/index.html]
[damnedgame.online/assets/js/assets/css/assets/images/faq.html]
[damnedgame.online/assets/js/assets/css/assets/images/eula.html]
[damnedgame.online/assets/js/assets/css/assets/images/privacy.html]
[damnedgame.online/assets/js/assets/css/assets/images/download.html]
[damnedgame.online/assets/js/assets/css/assets/images/favicon.html]
[damnedgame.online/assets/js/assets/css/assets/images/assets/js/mobile.html]
[damnedgame.online/assets/js/assets/css/assets/css/assets/images/download.html]
[damnedgame.online/assets/js/assets/css/assets/css/assets/images/favicon.html]
[damnedgame.online/assets/js/assets/css/assets/css/assets/css/styles.html]
[damnedgame.online/assets/js/assets/css/assets/css/assets/css/fontawesome.html]
[damnedgame.online/assets/js/assets/css/assets/css/index.html]
[damnedgame.online/assets/js/assets/css/assets/css/faq.html]
[damnedgame.online/assets/js/assets/css/assets/css/eula.html]
[damnedgame.online/assets/js/assets/css/assets/css/privacy.html]
[damnedgame.online/assets/js/assets/css/assets/css/styles.html]
[damnedgame.online/assets/js/assets/css/assets/css/fontawesome.html]
[damnedgame.online/assets/js/assets/css/index.html]
[damnedgame.online/assets/js/assets/css/faq.html]
[damnedgame.online/assets/js/assets/css/eula.html]
[damnedgame.online/assets/js/assets/css/privacy.html]
[damnedgame.online/assets/js/assets/css/assets/css/assets/js/mobile.html]
[damnedgame.online/assets/js/assets/css/assets/js/assets/images/download.html]
[damnedgame.online/assets/js/assets/css/assets/js/assets/images/favicon.html]
[damnedgame.online/assets/js/assets/css/assets/js/assets/css/styles.html]
[damnedgame.online/assets/js/assets/css/assets/js/assets/css/fontawesome.html]
[damnedgame.online/assets/js/assets/css/assets/js/index.html]
[damnedgame.online/assets/js/assets/css/assets/js/faq.html]
[damnedgame.online/assets/js/assets/css/assets/js/eula.html]
[damnedgame.online/assets/js/assets/css/assets/js/privacy.html]
[damnedgame.online/assets/js/assets/css/assets/js/mobile.html]
[damnedgame.online/assets/js/assets/css/assets/js/assets/js/mobile.html]
[damnedgame.online/assets/js/assets/js/assets/images/assets/images/download.html]
[damnedgame.online/assets/js/assets/js/assets/images/assets/images/favicon.html]
[damnedgame.online/assets/js/assets/js/assets/images/assets/css/styles.html]
[damnedgame.online/assets/js/assets/js/assets/images/assets/css/fontawesome.html]
[damnedgame.online/assets/js/assets/js/assets/images/index.html]
[damnedgame.online/assets/js/assets/js/assets/images/faq.html]
[damnedgame.online/assets/js/assets/js/assets/images/eula.html]
[damnedgame.online/assets/js/assets/js/assets/images/privacy.html]
[damnedgame.online/assets/js/assets/js/assets/images/download.html]
[damnedgame.online/assets/js/assets/js/assets/images/favicon.html]
[damnedgame.online/assets/js/assets/js/assets/images/assets/js/mobile.html]
[damnedgame.online/assets/js/assets/js/assets/css/assets/images/download.html]
[damnedgame.online/assets/js/assets/js/assets/css/assets/images/favicon.html]
[damnedgame.online/assets/js/assets/js/assets/css/assets/css/styles.html]
[damnedgame.online/assets/js/assets/js/assets/css/assets/css/fontawesome.html]
[damnedgame.online/assets/js/assets/js/assets/css/index.html]
[damnedgame.online/assets/js/assets/js/assets/css/faq.html]
[damnedgame.online/assets/js/assets/js/assets/css/eula.html]
[damnedgame.online/assets/js/assets/js/assets/css/privacy.html]
[damnedgame.online/assets/js/assets/js/assets/css/styles.html]
[damnedgame.online/assets/js/assets/js/assets/css/fontawesome.html]
[damnedgame.online/assets/js/assets/js/index.html]
[damnedgame.online/assets/js/assets/js/faq.html]
[damnedgame.online/assets/js/assets/js/eula.html]
[damnedgame.online/assets/js/assets/js/privacy.html]
[damnedgame.online/assets/js/assets/js/assets/css/assets/js/mobile.html]
[damnedgame.online/assets/js/assets/js/assets/js/assets/images/download.html]
[damnedgame.online/assets/js/assets/js/assets/js/assets/images/favicon.html]
[damnedgame.online/assets/js/assets/js/assets/js/assets/css/styles.html]
[damnedgame.online/assets/js/assets/js/assets/js/assets/css/fontawesome.html]
[damnedgame.online/assets/js/assets/js/assets/js/index.html]
[damnedgame.online/assets/js/assets/js/assets/js/faq.html]
[damnedgame.online/assets/js/assets/js/assets/js/eula.html]
[damnedgame.online/assets/js/assets/js/assets/js/privacy.html]
[damnedgame.online/assets/js/assets/js/assets/js/mobile.html]
[damnedgame.online/assets/js/assets/js/assets/js/assets/js/mobile.html]
[damnedgame.online/assets/images/assets/images/assets/images/assets/images/assets/images/download.html]
[damnedgame.online/assets/images/assets/images/assets/images/assets/images/assets/images/favicon.html]
[damnedgame.online/assets/images/assets/images/assets/images/assets/images/assets/css/styles.html]
[damnedgame.online/assets/images/assets/images/assets/images/assets/images/assets/css/fontawesome.html]
[damnedgame.online/assets/images/assets/images/assets/images/assets/images/index.html]
[damnedgame.online/assets/images/assets/images/assets/images/assets/images/faq.html]
[damnedgame.online/assets/images/assets/images/assets/images/assets/images/eula.html]
[damnedgame.online/assets/images/assets/images/assets/images/assets/images/privacy.html]
[damnedgame.online/assets/images/assets/images/assets/images/assets/images/download.html]
[damnedgame.online/assets/images/assets/images/assets/images/assets/images/favicon.html]
[damnedgame.online/assets/images/assets/images/assets/images/assets/images/assets/js/mobile.html]
[damnedgame.online/assets/images/assets/images/assets/images/assets/css/assets/images/download.html]
[damnedgame.online/assets/images/assets/images/assets/images/assets/css/assets/images/favicon.html]
[damnedgame.online/assets/images/assets/images/assets/images/assets/css/assets/css/styles.html]
[damnedgame.online/assets/images/assets/images/assets/images/assets/css/assets/css/fontawesome.html]
[damnedgame.online/assets/images/assets/images/assets/images/assets/css/index.html]
[damnedgame.online/assets/images/assets/images/assets/images/assets/css/faq.html]
[damnedgame.online/assets/images/assets/images/assets/images/assets/css/eula.html]
[damnedgame.online/assets/images/assets/images/assets/images/assets/css/privacy.html]
[damnedgame.online/assets/images/assets/images/assets/images/assets/css/styles.html]
[damnedgame.online/assets/images/assets/images/assets/images/assets/css/fontawesome.html]
[damnedgame.online/assets/images/assets/images/assets/images/index.html]
[damnedgame.online/assets/images/assets/images/assets/images/faq.html]
[damnedgame.online/assets/images/assets/images/assets/images/eula.html]
[damnedgame.online/assets/images/assets/images/assets/images/privacy.html]
[damnedgame.online/assets/images/assets/images/assets/images/assets/css/assets/js/mobile.html]
[damnedgame.online/assets/images/assets/images/assets/images/assets/js/assets/images/download.html]
[damnedgame.online/assets/images/assets/images/assets/images/assets/js/assets/images/favicon.html]
[damnedgame.online/assets/images/assets/images/assets/images/assets/js/assets/css/styles.html]
[damnedgame.online/assets/images/assets/images/assets/images/assets/js/assets/css/fontawesome.html]
[damnedgame.online/assets/images/assets/images/assets/images/assets/js/index.html]
[damnedgame.online/assets/images/assets/images/assets/images/assets/js/faq.html]
[damnedgame.online/assets/images/assets/images/assets/images/assets/js/eula.html]
[damnedgame.online/assets/images/assets/images/assets/images/assets/js/privacy.html]
[damnedgame.online/assets/images/assets/images/assets/images/assets/js/mobile.html]
[damnedgame.online/assets/images/assets/images/assets/images/assets/js/assets/js/mobile.html]
[damnedgame.online/assets/images/assets/images/assets/css/assets/images/assets/images/download.html]
[damnedgame.online/assets/images/assets/images/assets/css/assets/images/assets/images/favicon.html]
[damnedgame.online/assets/images/assets/images/assets/css/assets/images/assets/css/styles.html]
[damnedgame.online/assets/images/assets/images/assets/css/assets/images/assets/css/fontawesome.html]
[damnedgame.online/assets/images/assets/images/assets/css/assets/images/index.html]
[damnedgame.online/assets/images/assets/images/assets/css/assets/images/faq.html]
[damnedgame.online/assets/images/assets/images/assets/css/assets/images/eula.html]
[damnedgame.online/assets/images/assets/images/assets/css/assets/images/privacy.html]
[damnedgame.online/assets/images/assets/images/assets/css/assets/images/download.html]
[damnedgame.online/assets/images/assets/images/assets/css/assets/images/favicon.html]
[damnedgame.online/assets/images/assets/images/assets/css/assets/images/assets/js/mobile.html]
[damnedgame.online/assets/images/assets/images/assets/css/assets/css/assets/images/download.html]
[damnedgame.online/assets/images/assets/images/assets/css/assets/css/assets/images/favicon.html]
[damnedgame.online/assets/images/assets/images/assets/css/assets/css/assets/css/styles.html]
[damnedgame.online/assets/images/assets/images/assets/css/assets/css/assets/css/fontawesome.html]
[damnedgame.online/assets/images/assets/images/assets/css/assets/css/index.html]
[damnedgame.online/assets/images/assets/images/assets/css/assets/css/faq.html]
[damnedgame.online/assets/images/assets/images/assets/css/assets/css/eula.html]
[damnedgame.online/assets/images/assets/images/assets/css/assets/css/privacy.html]
[damnedgame.online/assets/images/assets/images/assets/css/assets/css/styles.html]
[damnedgame.online/assets/images/assets/images/assets/css/assets/css/fontawesome.html]
[damnedgame.online/assets/images/assets/images/assets/css/index.html]
[damnedgame.online/assets/images/assets/images/assets/css/faq.html]
[damnedgame.online/assets/images/assets/images/assets/css/eula.html]
[damnedgame.online/assets/images/assets/images/assets/css/privacy.html]
[damnedgame.online/assets/images/assets/images/assets/css/assets/css/assets/js/mobile.html]
[damnedgame.online/assets/images/assets/images/assets/css/assets/js/assets/images/download.html]
[damnedgame.online/assets/images/assets/images/assets/css/assets/js/assets/images/favicon.html]
[damnedgame.online/assets/images/assets/images/assets/css/assets/js/assets/css/styles.html]
[damnedgame.online/assets/images/assets/images/assets/css/assets/js/assets/css/fontawesome.html]
[damnedgame.online/assets/images/assets/images/assets/css/assets/js/index.html]
[damnedgame.online/assets/images/assets/images/assets/css/assets/js/faq.html]
[damnedgame.online/assets/images/assets/images/assets/css/assets/js/eula.html]
[damnedgame.online/assets/images/assets/images/assets/css/assets/js/privacy.html]
[damnedgame.online/assets/images/assets/images/assets/css/assets/js/mobile.html]
[damnedgame.online/assets/images/assets/images/assets/css/assets/js/assets/js/mobile.html]
[damnedgame.online/assets/images/assets/images/assets/js/assets/images/assets/images/download.html]
[damnedgame.online/assets/images/assets/images/assets/js/assets/images/assets/images/favicon.html]
[damnedgame.online/assets/images/assets/images/assets/js/assets/images/assets/css/styles.html]
[damnedgame.online/assets/images/assets/images/assets/js/assets/images/assets/css/fontawesome.html]
[damnedgame.online/assets/images/assets/images/assets/js/assets/images/index.html]
[damnedgame.online/assets/images/assets/images/assets/js/assets/images/faq.html]
[damnedgame.online/assets/images/assets/images/assets/js/assets/images/eula.html]
[damnedgame.online/assets/images/assets/images/assets/js/assets/images/privacy.html]
[damnedgame.online/assets/images/assets/images/assets/js/assets/images/assets/js/mobile.html]
[damnedgame.online/assets/images/assets/images/assets/js/assets/images/download.html]
[damnedgame.online/assets/images/assets/images/assets/js/assets/images/favicon.html]
[damnedgame.online/assets/images/assets/images/assets/js/assets/css/assets/images/download.html]
[damnedgame.online/assets/images/assets/images/assets/js/assets/css/assets/images/favicon.html]
[damnedgame.online/assets/images/assets/images/assets/js/assets/css/assets/css/styles.html]
[damnedgame.online/assets/images/assets/images/assets/js/assets/css/assets/css/fontawesome.html]
[damnedgame.online/assets/images/assets/images/assets/js/assets/css/index.html]
[damnedgame.online/assets/images/assets/images/assets/js/assets/css/faq.html]
[damnedgame.online/assets/images/assets/images/assets/js/assets/css/eula.html]
[damnedgame.online/assets/images/assets/images/assets/js/assets/css/privacy.html]
[damnedgame.online/assets/images/assets/images/assets/js/assets/css/styles.html]
[damnedgame.online/assets/images/assets/images/assets/js/assets/css/fontawesome.html]
[damnedgame.online/assets/images/assets/images/assets/js/index.html]
[damnedgame.online/assets/images/assets/images/assets/js/faq.html]
[damnedgame.online/assets/images/assets/images/assets/js/eula.html]
[damnedgame.online/assets/images/assets/images/assets/js/privacy.html]
[damnedgame.online/assets/images/assets/images/assets/js/assets/css/assets/js/mobile.html]
[damnedgame.online/assets/images/assets/images/assets/js/assets/js/assets/images/download.html]
[damnedgame.online/assets/images/assets/images/assets/js/assets/js/assets/images/favicon.html]
[damnedgame.online/assets/images/assets/images/assets/js/assets/js/assets/css/styles.html]
[damnedgame.online/assets/images/assets/images/assets/js/assets/js/assets/css/fontawesome.html]
[damnedgame.online/assets/images/assets/images/assets/js/assets/js/index.html]
[damnedgame.online/assets/images/assets/images/assets/js/assets/js/faq.html]
[damnedgame.online/assets/images/assets/images/assets/js/assets/js/eula.html]
[damnedgame.online/assets/images/assets/images/assets/js/assets/js/privacy.html]
[damnedgame.online/assets/images/assets/images/assets/js/assets/js/mobile.html]
[damnedgame.online/assets/images/assets/images/assets/js/assets/js/assets/js/mobile.html]
[damnedgame.online/assets/images/assets/css/assets/images/assets/images/assets/images/download.html]
[damnedgame.online/assets/images/assets/css/assets/images/assets/images/assets/images/favicon.html]
[damnedgame.online/assets/images/assets/css/assets/images/assets/images/assets/css/styles.html]
[damnedgame.online/assets/images/assets/css/assets/images/assets/images/assets/css/fontawesome.html]
[damnedgame.online/assets/images/assets/css/assets/images/assets/images/index.html]
[damnedgame.online/assets/images/assets/css/assets/images/assets/images/faq.html]
[damnedgame.online/assets/images/assets/css/assets/images/assets/images/eula.html]
[damnedgame.online/assets/images/assets/css/assets/images/assets/images/privacy.html]
[damnedgame.online/assets/images/assets/css/assets/images/assets/images/download.html]
[damnedgame.online/assets/images/assets/css/assets/images/assets/images/favicon.html]
[damnedgame.online/assets/images/assets/css/assets/images/assets/images/assets/js/mobile.html]
[damnedgame.online/assets/images/assets/css/assets/images/assets/css/assets/images/download.html]
[damnedgame.online/assets/images/assets/css/assets/images/assets/css/assets/images/favicon.html]
[damnedgame.online/assets/images/assets/css/assets/images/assets/css/assets/css/styles.html]
[damnedgame.online/assets/images/assets/css/assets/images/assets/css/assets/css/fontawesome.html]
[damnedgame.online/assets/images/assets/css/assets/images/assets/css/index.html]
[damnedgame.online/assets/images/assets/css/assets/images/assets/css/faq.html]
[damnedgame.online/assets/images/assets/css/assets/images/assets/css/eula.html]
[damnedgame.online/assets/images/assets/css/assets/images/assets/css/privacy.html]
[damnedgame.online/assets/images/assets/css/assets/images/assets/css/styles.html]
[damnedgame.online/assets/images/assets/css/assets/images/assets/css/fontawesome.html]
[damnedgame.online/assets/images/assets/css/assets/images/index.html]
[damnedgame.online/assets/images/assets/css/assets/images/faq.html]
[damnedgame.online/assets/images/assets/css/assets/images/eula.html]
[damnedgame.online/assets/images/assets/css/assets/images/privacy.html]
[damnedgame.online/assets/images/assets/css/assets/images/assets/css/assets/js/mobile.html]
[damnedgame.online/assets/images/assets/css/assets/images/assets/js/assets/images/download.html]
[damnedgame.online/assets/images/assets/css/assets/images/assets/js/assets/images/favicon.html]
[damnedgame.online/assets/images/assets/css/assets/images/assets/js/assets/css/styles.html]
[damnedgame.online/assets/images/assets/css/assets/images/assets/js/assets/css/fontawesome.html]
[damnedgame.online/assets/images/assets/css/assets/images/assets/js/index.html]
[damnedgame.online/assets/images/assets/css/assets/images/assets/js/faq.html]
[damnedgame.online/assets/images/assets/css/assets/images/assets/js/eula.html]
[damnedgame.online/assets/images/assets/css/assets/images/assets/js/privacy.html]
[damnedgame.online/assets/images/assets/css/assets/images/assets/js/mobile.html]
[damnedgame.online/assets/images/assets/css/assets/images/assets/js/assets/js/mobile.html]
[damnedgame.online/assets/images/assets/css/assets/css/assets/images/assets/images/download.html]
[damnedgame.online/assets/images/assets/css/assets/css/assets/images/assets/images/favicon.html]
[damnedgame.online/assets/images/assets/css/assets/css/assets/images/assets/css/styles.html]
[damnedgame.online/assets/images/assets/css/assets/css/assets/images/assets/css/fontawesome.html]
[damnedgame.online/assets/images/assets/css/assets/css/assets/images/index.html]
[damnedgame.online/assets/images/assets/css/assets/css/assets/images/faq.html]
[damnedgame.online/assets/images/assets/css/assets/css/assets/images/eula.html]
[damnedgame.online/assets/images/assets/css/assets/css/assets/images/privacy.html]
[damnedgame.online/assets/images/assets/css/assets/css/assets/images/assets/js/mobile.html]
[damnedgame.online/assets/images/assets/css/assets/css/assets/images/download.html]
[damnedgame.online/assets/images/assets/css/assets/css/assets/images/favicon.html]
[damnedgame.online/assets/images/assets/css/assets/css/assets/css/assets/images/download.html]
[damnedgame.online/assets/images/assets/css/assets/css/assets/css/assets/images/favicon.html]
[damnedgame.online/assets/images/assets/css/assets/css/assets/css/assets/css/styles.html]
[damnedgame.online/assets/images/assets/css/assets/css/assets/css/assets/css/fontawesome.html]
[damnedgame.online/assets/images/assets/css/assets/css/assets/css/index.html]
[damnedgame.online/assets/images/assets/css/assets/css/assets/css/faq.html]
[damnedgame.online/assets/images/assets/css/assets/css/assets/css/eula.html]
[damnedgame.online/assets/images/assets/css/assets/css/assets/css/privacy.html]
[damnedgame.online/assets/images/assets/css/assets/css/assets/css/styles.html]
[damnedgame.online/assets/images/assets/css/assets/css/assets/css/fontawesome.html]
[damnedgame.online/assets/images/assets/css/assets/css/index.html]
[damnedgame.online/assets/images/assets/css/assets/css/faq.html]
[damnedgame.online/assets/images/assets/css/assets/css/eula.html]
[damnedgame.online/assets/images/assets/css/assets/css/privacy.html]
[damnedgame.online/assets/images/assets/css/assets/css/assets/css/assets/js/mobile.html]
[damnedgame.online/assets/images/assets/css/assets/css/assets/js/assets/images/download.html]
[damnedgame.online/assets/images/assets/css/assets/css/assets/js/assets/images/favicon.html]
[damnedgame.online/assets/images/assets/css/assets/css/assets/js/assets/css/styles.html]
[damnedgame.online/assets/images/assets/css/assets/css/assets/js/assets/css/fontawesome.html]
[damnedgame.online/assets/images/assets/css/assets/css/assets/js/index.html]
[damnedgame.online/assets/images/assets/css/assets/css/assets/js/faq.html]
[damnedgame.online/assets/images/assets/css/assets/css/assets/js/eula.html]
[damnedgame.online/assets/images/assets/css/assets/css/assets/js/privacy.html]
[damnedgame.online/assets/images/assets/css/assets/css/assets/js/mobile.html]
[damnedgame.online/assets/images/assets/css/assets/css/assets/js/assets/js/mobile.html]
[damnedgame.online/assets/images/assets/css/assets/js/assets/images/assets/images/download.html]
[damnedgame.online/assets/images/assets/css/assets/js/assets/images/assets/images/favicon.html]
[damnedgame.online/assets/images/assets/css/assets/js/assets/images/assets/css/styles.html]
[damnedgame.online/assets/images/assets/css/assets/js/assets/images/assets/css/fontawesome.html]
[damnedgame.online/assets/images/assets/css/assets/js/assets/images/index.html]
[damnedgame.online/assets/images/assets/css/assets/js/assets/images/faq.html]
[damnedgame.online/assets/images/assets/css/assets/js/assets/images/eula.html]
[damnedgame.online/assets/images/assets/css/assets/js/assets/images/privacy.html]
[damnedgame.online/assets/images/assets/css/assets/js/assets/images/download.html]
[damnedgame.online/assets/images/assets/css/assets/js/assets/images/favicon.html]
[damnedgame.online/assets/images/assets/css/assets/js/assets/images/assets/js/mobile.html]
[damnedgame.online/assets/images/assets/css/assets/js/assets/css/assets/images/download.html]
[damnedgame.online/assets/images/assets/css/assets/js/assets/css/assets/images/favicon.html]
[damnedgame.online/assets/images/assets/css/assets/js/assets/css/assets/css/styles.html]
[damnedgame.online/assets/images/assets/css/assets/js/assets/css/assets/css/fontawesome.html]
[damnedgame.online/assets/images/assets/css/assets/js/assets/css/index.html]
[damnedgame.online/assets/images/assets/css/assets/js/assets/css/faq.html]
[damnedgame.online/assets/images/assets/css/assets/js/assets/css/eula.html]
[damnedgame.online/assets/images/assets/css/assets/js/assets/css/privacy.html]
[damnedgame.online/assets/images/assets/css/assets/js/assets/css/styles.html]
[damnedgame.online/assets/images/assets/css/assets/js/assets/css/fontawesome.html]
[damnedgame.online/assets/images/assets/css/assets/js/index.html]
[damnedgame.online/assets/images/assets/css/assets/js/faq.html]
[damnedgame.online/assets/images/assets/css/assets/js/eula.html]
[damnedgame.online/assets/images/assets/css/assets/js/privacy.html]
[damnedgame.online/assets/images/assets/css/assets/js/assets/css/assets/js/mobile.html]
[damnedgame.online/assets/images/assets/css/assets/js/assets/js/assets/images/download.html]
[damnedgame.online/assets/images/assets/css/assets/js/assets/js/assets/images/favicon.html]
[damnedgame.online/assets/images/assets/css/assets/js/assets/js/assets/css/styles.html]
[damnedgame.online/assets/images/assets/css/assets/js/assets/js/assets/css/fontawesome.html]
[damnedgame.online/assets/images/assets/css/assets/js/assets/js/index.html]
[damnedgame.online/assets/images/assets/css/assets/js/assets/js/faq.html]
[damnedgame.online/assets/images/assets/css/assets/js/assets/js/eula.html]
[damnedgame.online/assets/images/assets/css/assets/js/assets/js/privacy.html]
[damnedgame.online/assets/images/assets/css/assets/js/assets/js/mobile.html]
[damnedgame.online/assets/images/assets/css/assets/js/assets/js/assets/js/mobile.html]
[damnedgame.online/assets/images/assets/js/assets/images/assets/images/assets/images/download.html]
[damnedgame.online/assets/images/assets/js/assets/images/assets/images/assets/images/favicon.html]
[damnedgame.online/assets/images/assets/js/assets/images/assets/images/assets/css/styles.html]
[damnedgame.online/assets/images/assets/js/assets/images/assets/images/assets/css/fontawesome.html]
[damnedgame.online/assets/images/assets/js/assets/images/assets/images/index.html]
[damnedgame.online/assets/images/assets/js/assets/images/assets/images/faq.html]
[damnedgame.online/assets/images/assets/js/assets/images/assets/images/eula.html]
[damnedgame.online/assets/images/assets/js/assets/images/assets/images/privacy.html]
[damnedgame.online/assets/images/assets/js/assets/images/assets/images/download.html]
[damnedgame.online/assets/images/assets/js/assets/images/assets/images/favicon.html]
[damnedgame.online/assets/images/assets/js/assets/images/assets/images/assets/js/mobile.html]
[damnedgame.online/assets/images/assets/js/assets/images/assets/css/assets/images/download.html]
[damnedgame.online/assets/images/assets/js/assets/images/assets/css/assets/images/favicon.html]
[damnedgame.online/assets/images/assets/js/assets/images/assets/css/assets/css/styles.html]
[damnedgame.online/assets/images/assets/js/assets/images/assets/css/assets/css/fontawesome.html]
[damnedgame.online/assets/images/assets/js/assets/images/assets/css/index.html]
[damnedgame.online/assets/images/assets/js/assets/images/assets/css/faq.html]
[damnedgame.online/assets/images/assets/js/assets/images/assets/css/eula.html]
[damnedgame.online/assets/images/assets/js/assets/images/assets/css/privacy.html]
[damnedgame.online/assets/images/assets/js/assets/images/assets/css/styles.html]
[damnedgame.online/assets/images/assets/js/assets/images/assets/css/fontawesome.html]
[damnedgame.online/assets/images/assets/js/assets/images/index.html]
[damnedgame.online/assets/images/assets/js/assets/images/faq.html]
[damnedgame.online/assets/images/assets/js/assets/images/eula.html]
[damnedgame.online/assets/images/assets/js/assets/images/privacy.html]
[damnedgame.online/assets/images/assets/js/assets/images/assets/css/assets/js/mobile.html]
[damnedgame.online/assets/images/assets/js/assets/images/assets/js/assets/images/download.html]
[damnedgame.online/assets/images/assets/js/assets/images/assets/js/assets/images/favicon.html]
[damnedgame.online/assets/images/assets/js/assets/images/assets/js/assets/css/styles.html]
[damnedgame.online/assets/images/assets/js/assets/images/assets/js/assets/css/fontawesome.html]
[damnedgame.online/assets/images/assets/js/assets/images/assets/js/index.html]
[damnedgame.online/assets/images/assets/js/assets/images/assets/js/faq.html]
[damnedgame.online/assets/images/assets/js/assets/images/assets/js/eula.html]
[damnedgame.online/assets/images/assets/js/assets/images/assets/js/privacy.html]
[damnedgame.online/assets/images/assets/js/assets/images/assets/js/mobile.html]
[damnedgame.online/assets/images/assets/js/assets/images/assets/js/assets/js/mobile.html]
[damnedgame.online/assets/images/assets/js/assets/css/assets/images/assets/images/download.html]
[damnedgame.online/assets/images/assets/js/assets/css/assets/images/assets/images/favicon.html]
[damnedgame.online/assets/images/assets/js/assets/css/assets/images/assets/css/styles.html]
[damnedgame.online/assets/images/assets/js/assets/css/assets/images/assets/css/fontawesome.html]
[damnedgame.online/assets/images/assets/js/assets/css/assets/images/index.html]
[damnedgame.online/assets/images/assets/js/assets/css/assets/images/faq.html]
[damnedgame.online/assets/images/assets/js/assets/css/assets/images/eula.html]
[damnedgame.online/assets/images/assets/js/assets/css/assets/images/privacy.html]
[damnedgame.online/assets/images/assets/js/assets/css/assets/images/download.html]
[damnedgame.online/assets/images/assets/js/assets/css/assets/images/favicon.html]
[damnedgame.online/assets/images/assets/js/assets/css/assets/images/assets/js/mobile.html]
[damnedgame.online/assets/images/assets/js/assets/css/assets/css/assets/images/download.html]
[damnedgame.online/assets/images/assets/js/assets/css/assets/css/assets/images/favicon.html]
[damnedgame.online/assets/images/assets/js/assets/css/assets/css/assets/css/styles.html]
[damnedgame.online/assets/images/assets/js/assets/css/assets/css/assets/css/fontawesome.html]
[damnedgame.online/assets/images/assets/js/assets/css/assets/css/index.html]
[damnedgame.online/assets/images/assets/js/assets/css/assets/css/faq.html]
[damnedgame.online/assets/images/assets/js/assets/css/assets/css/eula.html]
[damnedgame.online/assets/images/assets/js/assets/css/assets/css/privacy.html]
[damnedgame.online/assets/images/assets/js/assets/css/assets/css/assets/js/mobile.html]
[damnedgame.online/assets/images/assets/js/assets/css/assets/css/styles.html]
[damnedgame.online/assets/images/assets/js/assets/css/assets/css/fontawesome.html]
[damnedgame.online/assets/images/assets/js/assets/css/index.html]
[damnedgame.online/assets/images/assets/js/assets/css/faq.html]
[damnedgame.online/assets/images/assets/js/assets/css/eula.html]
[damnedgame.online/assets/images/assets/js/assets/css/privacy.html]
[damnedgame.online/assets/images/assets/js/assets/css/assets/js/assets/images/download.html]
[damnedgame.online/assets/images/assets/js/assets/css/assets/js/assets/images/favicon.html]
[damnedgame.online/assets/images/assets/js/assets/css/assets/js/assets/css/styles.html]
[damnedgame.online/assets/images/assets/js/assets/css/assets/js/assets/css/fontawesome.html]
[damnedgame.online/assets/images/assets/js/assets/css/assets/js/index.html]
[damnedgame.online/assets/images/assets/js/assets/css/assets/js/faq.html]
[damnedgame.online/assets/images/assets/js/assets/css/assets/js/eula.html]
[damnedgame.online/assets/images/assets/js/assets/css/assets/js/privacy.html]
[damnedgame.online/assets/images/assets/js/assets/css/assets/js/mobile.html]
[damnedgame.online/assets/images/assets/js/assets/css/assets/js/assets/js/mobile.html]
[damnedgame.online/assets/images/assets/js/assets/js/assets/images/assets/images/download.html]
[damnedgame.online/assets/images/assets/js/assets/js/assets/images/assets/images/favicon.html]
[damnedgame.online/assets/images/assets/js/assets/js/assets/images/assets/css/styles.html]
[damnedgame.online/assets/images/assets/js/assets/js/assets/images/assets/css/fontawesome.html]
[damnedgame.online/assets/images/assets/js/assets/js/assets/images/index.html]
[damnedgame.online/assets/images/assets/js/assets/js/assets/images/faq.html]
[damnedgame.online/assets/images/assets/js/assets/js/assets/images/eula.html]
[damnedgame.online/assets/images/assets/js/assets/js/assets/images/privacy.html]
[damnedgame.online/assets/images/assets/js/assets/js/assets/images/download.html]
[damnedgame.online/assets/images/assets/js/assets/js/assets/images/favicon.html]
[damnedgame.online/assets/images/assets/js/assets/js/assets/images/assets/js/mobile.html]
[damnedgame.online/assets/images/assets/js/assets/js/assets/css/assets/images/download.html]
[damnedgame.online/assets/images/assets/js/assets/js/assets/css/assets/images/favicon.html]
[damnedgame.online/assets/images/assets/js/assets/js/assets/css/assets/css/styles.html]
[damnedgame.online/assets/images/assets/js/assets/js/assets/css/assets/css/fontawesome.html]
[damnedgame.online/assets/images/assets/js/assets/js/assets/css/index.html]
[damnedgame.online/assets/images/assets/js/assets/js/assets/css/faq.html]
[damnedgame.online/assets/images/assets/js/assets/js/assets/css/eula.html]
[damnedgame.online/assets/images/assets/js/assets/js/assets/css/privacy.html]
[damnedgame.online/assets/images/assets/js/assets/js/assets/css/styles.html]
[damnedgame.online/assets/images/assets/js/assets/js/assets/css/fontawesome.html]
[damnedgame.online/assets/images/assets/js/assets/js/index.html]
[damnedgame.online/assets/images/assets/js/assets/js/faq.html]
[damnedgame.online/assets/images/assets/js/assets/js/eula.html]
[damnedgame.online/assets/images/assets/js/assets/js/privacy.html]
[damnedgame.online/assets/images/assets/js/assets/js/assets/css/assets/js/mobile.html]
[damnedgame.online/assets/images/assets/js/assets/js/assets/js/assets/images/download.html]
[damnedgame.online/assets/images/assets/js/assets/js/assets/js/assets/images/favicon.html]
[damnedgame.online/assets/images/assets/js/assets/js/assets/js/assets/css/styles.html]
[damnedgame.online/assets/images/assets/js/assets/js/assets/js/assets/css/fontawesome.html]
[damnedgame.online/assets/images/assets/js/assets/js/assets/js/index.html]
[damnedgame.online/assets/images/assets/js/assets/js/assets/js/faq.html]
[damnedgame.online/assets/images/assets/js/assets/js/assets/js/eula.html]
[damnedgame.online/assets/images/assets/js/assets/js/assets/js/privacy.html]
[damnedgame.online/assets/images/assets/js/assets/js/assets/js/mobile.html]
[damnedgame.online/assets/images/assets/js/assets/js/assets/js/assets/js/mobile.html]
[damnedgame.online/assets/css/assets/images/assets/images/assets/images/assets/images/download.html]
[damnedgame.online/assets/css/assets/images/assets/images/assets/images/assets/images/favicon.html]
[damnedgame.online/assets/css/assets/images/assets/images/assets/images/assets/css/styles.html]
[damnedgame.online/assets/css/assets/images/assets/images/assets/images/assets/css/fontawesome.html]
[damnedgame.online/assets/css/assets/images/assets/images/assets/images/index.html]
[damnedgame.online/assets/css/assets/images/assets/images/assets/images/faq.html]
[damnedgame.online/assets/css/assets/images/assets/images/assets/images/eula.html]
[damnedgame.online/assets/css/assets/images/assets/images/assets/images/privacy.html]
[damnedgame.online/assets/css/assets/images/assets/images/assets/images/download.html]
[damnedgame.online/assets/css/assets/images/assets/images/assets/images/favicon.html]
[damnedgame.online/assets/css/assets/images/assets/images/assets/images/assets/js/mobile.html]
[damnedgame.online/assets/css/assets/images/assets/images/assets/css/assets/images/download.html]
[damnedgame.online/assets/css/assets/images/assets/images/assets/css/assets/images/favicon.html]
[damnedgame.online/assets/css/assets/images/assets/images/assets/css/assets/css/styles.html]
[damnedgame.online/assets/css/assets/images/assets/images/assets/css/assets/css/fontawesome.html]
[damnedgame.online/assets/css/assets/images/assets/images/assets/css/index.html]
[damnedgame.online/assets/css/assets/images/assets/images/assets/css/faq.html]
